<?xml version="1.0"?>
<!DOCTYPE BlastOutput PUBLIC "-//NCBI//NCBI BlastOutput/EN" "http://www.ncbi.nlm.nih.gov/dtd/NCBI_BlastOutput.dtd">
<BlastOutput>
  <BlastOutput_program>tblastn</BlastOutput_program>
  <BlastOutput_version>TBLASTN 2.13.0+</BlastOutput_version>
  <BlastOutput_reference>Stephen F. Altschul, Thomas L. Madden, Alejandro A. Sch&amp;auml;ffer, Jinghui Zhang, Zheng Zhang, Webb Miller, and David J. Lipman (1997), &quot;Gapped BLAST and PSI-BLAST: a new generation of protein database search programs&quot;, Nucleic Acids Res. 25:3389-3402.</BlastOutput_reference>
  <BlastOutput_db>nt</BlastOutput_db>
  <BlastOutput_query-ID>Query_20267</BlastOutput_query-ID>
  <BlastOutput_query-def>dxs e.coli</BlastOutput_query-def>
  <BlastOutput_query-len>620</BlastOutput_query-len>
  <BlastOutput_param>
    <Parameters>
      <Parameters_matrix>BLOSUM62</Parameters_matrix>
      <Parameters_expect>10</Parameters_expect>
      <Parameters_gap-open>11</Parameters_gap-open>
      <Parameters_gap-extend>1</Parameters_gap-extend>
      <Parameters_filter>F</Parameters_filter>
    </Parameters>
  </BlastOutput_param>
<BlastOutput_iterations>
<Iteration>
  <Iteration_iter-num>1</Iteration_iter-num>
  <Iteration_query-ID>Query_20267</Iteration_query-ID>
  <Iteration_query-def>dxs e.coli</Iteration_query-def>
  <Iteration_query-len>620</Iteration_query-len>
<Iteration_hits>
<Hit>
  <Hit_num>1</Hit_num>
  <Hit_id>gi|1539207086|emb|LR133996.1|</Hit_id>
  <Hit_def>Shimwellia blattae strain NCTC10965 genome assembly, chromosome: 1</Hit_def>
  <Hit_accession>LR133996</Hit_accession>
  <Hit_len>4154215</Hit_len>
  <Hit_hsps>
    <Hsp>
      <Hsp_num>1</Hsp_num>
      <Hsp_bit-score>1143.26</Hsp_bit-score>
      <Hsp_score>2956</Hsp_score>
      <Hsp_evalue>0</Hsp_evalue>
      <Hsp_query-from>1</Hsp_query-from>
      <Hsp_query-to>620</Hsp_query-to>
      <Hsp_hit-from>2987872</Hsp_hit-from>
      <Hsp_hit-to>2989731</Hsp_hit-to>
      <Hsp_query-frame>0</Hsp_query-frame>
      <Hsp_hit-frame>1</Hsp_hit-frame>
      <Hsp_identity>553</Hsp_identity>
      <Hsp_positive>590</Hsp_positive>
      <Hsp_gaps>0</Hsp_gaps>
      <Hsp_align-len>620</Hsp_align-len>
      <Hsp_qseq>MSFDIAKYPTLALVDSTQELRLLPKESLPKLCDELRRYLLDSVSRSSGHFASGLGTVELTVALHYVYNTPFDQLIWDVGHQAYPHKILTGRRDKIGTIRQKGGLHPFPWRGESEYDVLSVGHSSTSISAGIGIAVAAEKEGKNRRTVCVIGDGAITAGMAFEAMNHAGDIRPDMLVILNDNEMSISENVGALNNHLAQLLSGKLYSSLREGGKKVFSGVPPIKELLKRTEEHIKGMVVPGTLFEELGFNYIGPVDGHDVLGLITTLKNMRDLKGPQFLHIMTKKGRGYEPAEKDPITFHAVPKFDPSSGCLPKSSGGLPSYSKIFGDWLCETAAKDNKLMAITPAMREGSGMVEFSRKFPDRYFDVAIAEQHAVTFAAGLAIGGYKPIVAIYSTFLQRAYDQVLHDVAIQKLPVLFAIDRAGIVGADGQTHQGAFDLSYLRCIPEMVIMTPSDENECRQMLYTGYHYNDGPSAVRYPRGNAVGVELTPLEKLPIGKGIVKRRGEKLAILNFGTLMPEAAKVAESLNATLVDMRFVKPLDEALILEMAASHEALVTVEENAIMGGAGSGVNEVLMAHRKPVPVLNIGLPDFFIPQGTQEEMRAELGLDAAGMEAKIKAWLA</Hsp_qseq>
      <Hsp_hseq>MSFDIAKYPTLALVESTEELRLIPKETLPKLCDELRRYLLDSVSRSSGHFASGLGTVELTVALHYVYNTPFDQLIWDVGHQAYPHKILTGRRDKIGTIRQKGGLHPFPWRQESDYDVLSVGHSSTSISAGIGIAVAAAREGKDRRTVCVIGDGAITAGMAFEAMNHAGDIRPDMLVILNDNEMSISENVGALNNHLAQLLSGKLYSSLREGGKKVFSGVPPIKELLKRTEEHIKGMVVPGTLFEELGFNYIGPVDGHDVLGLVNTLKNMRDLKGPQFLHIMTKKGRGYAPAEKDPISYHAVPKFDPQSGHLPKSTNSTPSYSKIFGDWLCETAATDDKLMAITPAMREGSGMVEFSRKFPDQYFDVAIAEQHAVTFAAGLAIGGYKPVVAIYSTFLQRAYDQVIHDVAIQKLPVLFAIDRAGIVGADGQTHQGAFDLSFLRCIPDMVIMTPSDENECRQMLYTGYHYEKGPTAVRYPRGNVSGVALQPLAALPIGKGVIKREGKKLAILNFGTLIDEARKVADTLDATLVDMRFVKPLDEALILEMAARHEALITLEENAIMGGAGSGVNEVLMAHRRPVPVLNLGLPDHFIPQGTQDEARADAGLQSDAILSRINSWLS</Hsp_hseq>
      <Hsp_midline>MSFDIAKYPTLALV+ST+ELRL+PKE+LPKLCDELRRYLLDSVSRSSGHFASGLGTVELTVALHYVYNTPFDQLIWDVGHQAYPHKILTGRRDKIGTIRQKGGLHPFPWR ES+YDVLSVGHSSTSISAGIGIAVAA +EGK+RRTVCVIGDGAITAGMAFEAMNHAGDIRPDMLVILNDNEMSISENVGALNNHLAQLLSGKLYSSLREGGKKVFSGVPPIKELLKRTEEHIKGMVVPGTLFEELGFNYIGPVDGHDVLGL+ TLKNMRDLKGPQFLHIMTKKGRGY PAEKDPI++HAVPKFDP SG LPKS+   PSYSKIFGDWLCETAA D+KLMAITPAMREGSGMVEFSRKFPD+YFDVAIAEQHAVTFAAGLAIGGYKP+VAIYSTFLQRAYDQV+HDVAIQKLPVLFAIDRAGIVGADGQTHQGAFDLS+LRCIP+MVIMTPSDENECRQMLYTGYHY  GP+AVRYPRGN  GV L PL  LPIGKG++KR G+KLAILNFGTL+ EA KVA++L+ATLVDMRFVKPLDEALILEMAA HEAL+T+EENAIMGGAGSGVNEVLMAHR+PVPVLN+GLPD FIPQGTQ+E RA+ GL +  + ++I +WL+</Hsp_midline>
    </Hsp>
    <Hsp>
      <Hsp_num>2</Hsp_num>
      <Hsp_bit-score>126.716</Hsp_bit-score>
      <Hsp_score>317</Hsp_score>
      <Hsp_evalue>2.70045e-30</Hsp_evalue>
      <Hsp_query-from>323</Hsp_query-from>
      <Hsp_query-to>608</Hsp_query-to>
      <Hsp_hit-from>1287021</Hsp_hit-from>
      <Hsp_hit-to>1287890</Hsp_hit-to>
      <Hsp_query-frame>0</Hsp_query-frame>
      <Hsp_hit-frame>3</Hsp_hit-frame>
      <Hsp_identity>87</Hsp_identity>
      <Hsp_positive>148</Hsp_positive>
      <Hsp_gaps>20</Hsp_gaps>
      <Hsp_align-len>298</Hsp_align-len>
      <Hsp_qseq>KIFGDWLCETAAKDNKLMAITPAMREGSGMVEFSRKFPDRYFDVAIAEQHAVTFAAGLAIGGYKPIVAIYSTFL-QRAYDQVLHDVAIQKLPVLFAIDRAGIVGA-DGQTHQGAFDLSYLRCIPEMVIMTPSDENECRQMLYT-----GYHYNDGPSAVRYPRGNAVGVELTPLEKLPIGKGIVKRRGEKLAILNFGTLMPEAAKVAESL-----NATLVDMRFVKPLDEALILEMAASHEALVTVEENAIMGGAGSGVNEVLMAHRKPVPVLNIGLPDFFIPQGTQEEMRAELGLDA</Hsp_qseq>
      <Hsp_hseq>NVYAGFIARQIEDDHRIIALEVDLMSSMAMDSVQQRYPEQVINCGIMEASVIGTAAGLALAGYRPFVHTFSAFASRRCFDQLFMSLDYQRNNVKVIASDAGVTACHNGGTHMSFEDMGIVRGLAHAVVMEMTDAVMFRAILHQLVSLEGFYW------VRTIRKQAASV-YAPGSDFTIGKGNVVRDGDNITLIACGIMVKEALEAAEQLAREGISAAVIDMFTLKPVDQALIVQYAQKTGRIVTCENHSICNGLGSAVAEVLVEH-CPVPVRRVGVKGRYGQVGTQPFLQETYGLTA</Hsp_hseq>
      <Hsp_midline> ++  ++      D++++A+   +     M    +++P++  +  I E   +  AAGLA+ GY+P V  +S F  +R +DQ+   +  Q+  V      AG+    +G TH    D+  +R +   V+M  +D    R +L+      G+++      VR  R  A  V   P     IGKG V R G+ + ++  G ++ EA + AE L     +A ++DM  +KP+D+ALI++ A     +VT E ++I  G GS V EVL+ H  PVPV  +G+   +   GTQ  ++   GL A</Hsp_midline>
    </Hsp>
    <Hsp>
      <Hsp_num>3</Hsp_num>
      <Hsp_bit-score>52.373</Hsp_bit-score>
      <Hsp_score>124</Hsp_score>
      <Hsp_evalue>3.33685e-07</Hsp_evalue>
      <Hsp_query-from>363</Hsp_query-from>
      <Hsp_query-to>554</Hsp_query-to>
      <Hsp_hit-from>617159</Hsp_hit-from>
      <Hsp_hit-to>617752</Hsp_hit-to>
      <Hsp_query-frame>0</Hsp_query-frame>
      <Hsp_hit-frame>2</Hsp_hit-frame>
      <Hsp_identity>52</Hsp_identity>
      <Hsp_positive>87</Hsp_positive>
      <Hsp_gaps>8</Hsp_gaps>
      <Hsp_align-len>199</Hsp_align-len>
      <Hsp_qseq>YFDVAIAEQHAVTFAAGLAI-GGYKPIVAIYSTFLQRAYDQV-LHDVAIQKLPVLFAIDRAGIVGADGQTHQGAFDLSYLRCIPEMVIMTPSDENECRQMLYTGYHYNDGPSAVRYPRGNAVGVELTPLEKLPIGKG--IVKRRG--EKLAILNFGTLMPEAAKVAESLNATLVDMRFVK-PLDEALILEMAASHEALV</Hsp_qseq>
      <Hsp_hseq>YIHYGVREFGMTAIANGISLHGGFLPYTSTFLMFVEYARNAVRMAALMKQRQVMVYTHDSIGL-GEDGPTHQPVEQVASLRLTPNMSTWRPCDQVETAAAWKYGVERKDGPTALILSRQNLAQQERSAQQLADIARGGYILKDCAGQPQLIFIATGSEVELAVAAWEKLTAEGVNARVVSMPSTDVFDKQDAAYREAVL</Hsp_hseq>
      <Hsp_midline>Y    + E      A G+++ GG+ P  + +  F++ A + V +  +  Q+  +++  D  G+ G DG THQ    ++ LR  P M    P D+ E       G    DGP+A+   R N    E +  +   I +G  I+K      +L  +  G+ +  A    E L A  V+ R V  P  +    + AA  EA++</Hsp_midline>
    </Hsp>
    <Hsp>
      <Hsp_num>4</Hsp_num>
      <Hsp_bit-score>46.9802</Hsp_bit-score>
      <Hsp_score>110</Hsp_score>
      <Hsp_evalue>1.34826e-05</Hsp_evalue>
      <Hsp_query-from>350</Hsp_query-from>
      <Hsp_query-to>497</Hsp_query-to>
      <Hsp_hit-from>1113860</Hsp_hit-from>
      <Hsp_hit-to>1114306</Hsp_hit-to>
      <Hsp_query-frame>0</Hsp_query-frame>
      <Hsp_hit-frame>-1</Hsp_hit-frame>
      <Hsp_identity>37</Hsp_identity>
      <Hsp_positive>58</Hsp_positive>
      <Hsp_gaps>1</Hsp_gaps>
      <Hsp_align-len>149</Hsp_align-len>
      <Hsp_qseq>SGMVEFSRKFPDRYFDVAIAEQHAVTFAAGLAI-GGYKPIVAIYSTFLQRAYDQVLHDVAIQKLPVLFAIDRAGIVGADGQTHQGAFDLSYLRCIPEMVIMTPSDENECRQMLYTGYHYNDGPSAVRYPRGNAVGVELTPLEKLPIGKG</Hsp_qseq>
      <Hsp_hseq>SGSRELLTHQDGNYIHYGVREFGMTAIANGIALHGGFIPYSATFLMFVEYARNAARMAALMKARQIMVYTHDSIGLGEDGPTHQAVEQLASLRLTPGFSTWRPCDQVETAVAWSRALERQDGPTALILSRQNLTQMPRTPEQLEAISRG</Hsp_hseq>
      <Hsp_midline>SG  E        Y    + E      A G+A+ GG+ P  A +  F++ A +       ++   ++     +  +G DG THQ    L+ LR  P      P D+ E            DGP+A+   R N   +  TP +   I +G</Hsp_midline>
    </Hsp>
    <Hsp>
      <Hsp_num>5</Hsp_num>
      <Hsp_bit-score>29.261</Hsp_bit-score>
      <Hsp_score>64</Hsp_score>
      <Hsp_evalue>4.31324</Hsp_evalue>
      <Hsp_query-from>238</Hsp_query-from>
      <Hsp_query-to>356</Hsp_query-to>
      <Hsp_hit-from>3883902</Hsp_hit-from>
      <Hsp_hit-to>3884297</Hsp_hit-to>
      <Hsp_query-frame>0</Hsp_query-frame>
      <Hsp_hit-frame>-3</Hsp_hit-frame>
      <Hsp_identity>29</Hsp_identity>
      <Hsp_positive>55</Hsp_positive>
      <Hsp_gaps>13</Hsp_gaps>
      <Hsp_align-len>132</Hsp_align-len>
      <Hsp_qseq>VPGTL---FEELGFNYIGPVDGHDVLGLITTLKNMRDLKGPQFLHIMTKKGR----GYEPAEKDPITFHAVPKFDPSSGCLPKS----SGGLPSYSKIFGDWLCETAAKDNKLMA--ITPAMREGSGMVEFS</Hsp_qseq>
      <Hsp_hseq>LPGPLVLVFSEQQLDVVGQWEGEADCRVVTQLTTLTKLRDRRQLTGLIRSGELEVHGDIQVVQNLVALLDLAEFDLAEVLSPWTGDIVAEGISRVMKTGGHWLQRTAARQQRYLAESLTEEWRLAPGPLEVA</Hsp_hseq>
      <Hsp_midline>+PG L   F E   + +G  +G     ++T L  +  L+  + L  + + G     G     ++ +    + +FD +    P +    + G+    K  G WL  TAA+  + +A  +T   R   G +E +</Hsp_midline>
    </Hsp>
  </Hit_hsps>
</Hit>
</Iteration_hits>
  <Iteration_stat>
    <Statistics>
      <Statistics_db-num>41</Statistics_db-num>
      <Statistics_db-len>12571426</Statistics_db-len>
      <Statistics_hsp-len>0</Statistics_hsp-len>
      <Statistics_eff-space>0</Statistics_eff-space>
      <Statistics_kappa>0.041</Statistics_kappa>
      <Statistics_lambda>0.267</Statistics_lambda>
      <Statistics_entropy>0.14</Statistics_entropy>
    </Statistics>
  </Iteration_stat>
</Iteration>
</BlastOutput_iterations>
</BlastOutput>
